INFO:root:Hello
INFO:root:6
INFO:root:6
INFO:root:6
INFO:root:6
INFO:root:6
INFO:root:Sum is 6
INFO:root:This is my sum function
INFO:root:Sum is 6
INFO:root:This is my addition function
INFO:root:Input is 1
INFO:root:Input is 2
INFO:root:Input is 3
INFO:root:Sum is 6
